Permutation 1 of 2
baseDate:             2015-04-08
baseRate:             0.01
slope:                1.0
hump:                 None
interpType:           FLAT_FORWARDS
startDate:            2016-04-08
maturityDate:         2016-07-08
dayCountConv:         ACT/365F
rateType:             SIMPLE

zeroRate:   1.379712%
pv:         0.982990
fv:         0.995804
fwdRate:    1.690192%
mmRate:     1.690192%

Permutation 2 of 2
baseDate:             2015-04-08
baseRate:             0.01
slope:                1.0
hump:                 None
interpType:           LINEAR_INTERP
startDate:            2016-04-08
maturityDate:         2016-07-08
dayCountConv:         ACT/365F
rateType:             SIMPLE

zeroRate:   1.349863%
pv:         0.983352
fv:         0.996171
fwdRate:    1.541714%
mmRate:     1.541714%

