Permutation 1 of 2
x:                    2.5
y:                    3.4
z:                    None

Result:     5.900000

Permutation 2 of 2
x:                    2.5
y:                    -3.5
z:                    1.2

Result:     0.200000

