Permutation 1 of 1
baseDate:             2015-04-10
cashDates:            [2015-07-10, 2015-10-12, 2016-01-11, 2016-04-11]
cashRates:            [0.01569, 0.01672, 0.01739, 0.01777]
cashDayCountConv:     ACT/360
interpType:           FLAT_FORWARDS
swapDates:            [2017-04-10, 2018-04-10, 2019-04-10, 2020-04-10, 2022-04-10, 2025-04-10]
swapRates:            [0.01991, 0.02146, 0.02242, 0.02319, 0.02414, 0.02472]
couponInterval:       6M
fixedDcc:             30/360
badDayConv:           M
holidays:             NONE

CashDate   CashRate   Recalc     Diff/bp
========== ========== ========== =======
2015-07-10  1.569000%  1.569000% 0.00000
2015-10-12  1.672000%  1.672000% 0.00000
2016-01-11  1.739000%  1.739000% 0.00000
2016-04-11  1.777000%  1.777000% 0.00000

SwapDate   SwapRate   Recalc     Diff/bp
========== ========== ========== =======
2017-04-10  1.991000%  1.991000% 0.00000
2018-04-10  2.146000%  2.146000% 0.00000
2019-04-10  2.242000%  2.242000% 0.00000
2020-04-10  2.319000%  2.319000% 0.00000
2022-04-10  2.414000%  2.414000% 0.00000
2025-04-10  2.472000%  2.472000% 0.00000

