Permutation 1 of 5
date:                 2012-03-29

DayOfWeek:     Thursday
EndOfMonth:    2012-03-31
YMD:           2012,3,29
StartOfYear:   2012-01-01
StartOfMonths: 2012-01-01, 2012-02-01, 2012-03-01, 2012-04-01, 2012-05-01, 2012-06-01, 2012-07-01, 2012-08-01, 2012-09-01, 2012-10-01, 2012-11-01, 2012-12-01
DaysInMonth:   31

Permutation 2 of 5
date:                 2013-03-30

DayOfWeek:     Saturday
EndOfMonth:    2013-03-31
YMD:           2013,3,30
StartOfYear:   2013-01-01
StartOfMonths: 2013-01-01, 2013-02-01, 2013-03-01, 2013-04-01, 2013-05-01, 2013-06-01, 2013-07-01, 2013-08-01, 2013-09-01, 2013-10-01, 2013-11-01, 2013-12-01
DaysInMonth:   31

Permutation 3 of 5
date:                 2014-03-31

DayOfWeek:     Monday
EndOfMonth:    2014-03-31
YMD:           2014,3,31
StartOfYear:   2014-01-01
StartOfMonths: 2014-01-01, 2014-02-01, 2014-03-01, 2014-04-01, 2014-05-01, 2014-06-01, 2014-07-01, 2014-08-01, 2014-09-01, 2014-10-01, 2014-11-01, 2014-12-01
DaysInMonth:   31

Permutation 4 of 5
date:                 2015-04-01

DayOfWeek:     Wednesday
EndOfMonth:    2015-04-30
YMD:           2015,4,1
StartOfYear:   2015-01-01
StartOfMonths: 2015-01-01, 2015-02-01, 2015-03-01, 2015-04-01, 2015-05-01, 2015-06-01, 2015-07-01, 2015-08-01, 2015-09-01, 2015-10-01, 2015-11-01, 2015-12-01
DaysInMonth:   30

Permutation 5 of 5
date:                 2016-02-22

DayOfWeek:     Monday
EndOfMonth:    2016-02-29
YMD:           2016,2,22
StartOfYear:   2016-01-01
StartOfMonths: 2016-01-01, 2016-02-01, 2016-03-01, 2016-04-01, 2016-05-01, 2016-06-01, 2016-07-01, 2016-08-01, 2016-09-01, 2016-10-01, 2016-11-01, 2016-12-01
DaysInMonth:   29

